=============================================
Testing Module for 1. Divide a matrix
=============================================

This text file tests the matrix_divided function
that divides all elements of a matrix.

---------------------------------------------

>>> matrix_divided = __import__('2-matrix_divided').matrix_divided

>>> matrix_divided([[1, 2], [4, 5]], 2)
[[0.5, 1.0], [2.0, 2.5]]

>>> matrix_divided([[1.2, 2.3], [4.5, 5.6]], 3)
[[0.4, 0.77], [1.5, 1.87]]

>>> matrix_divided([[1, 2], [4, 5]], 3294823.923493)
[[0.0, 0.0], [0.0, 0.0]]

>>> matrix_divided([[0, 1], [2, 0]], 0)
Traceback (most recent call last):
...
ZeroDivisionError: division by zero

>>> matrix_divided([[1, 2], [4.5, 5]], "Holberton")
Traceback (most recent call last):
...
TypeError: div must be a number

>>> matrix_divided([["School", 1], [2, 3]], 5)
Traceback (most recent call last):
...
TypeError: matrix must be a matrix (list of lists) of integers/floats

>>> matrix_divided([[1, 2, 3], [4, 5]], 7)
Traceback (most recent call last):
...
TypeError: Each row of the matrix must have the same size

>>> matrix_divided(None, 7)
Traceback (most recent call last):
...
TypeError: matrix must be a matrix (list of lists) of integers/floats

>>> matrix_divided([[]], 5)
Traceback (most recent call last):
...
TypeError: matrix must be a matrix (list of lists) of integers/floats

>>> matrix_divided([[], [2]], 0)
Traceback (most recent call last):
...
ZeroDivisionError: division by zero

>>> matrix_divided([3, [2]], 5)
Traceback (most recent call last):
...
TypeError: matrix must be a matrix (list of lists) of integers/floats

>>> matrix_divided([[2, 4], ["a", 3]], 5)
Traceback (most recent call last):
...
TypeError: matrix must be a matrix (list of lists) of integers/floats

>>> matrix_divided([[1, 2, 3], [4, 5, 6]], None)
Traceback (most recent call last):
...
TypeError: div must be a number

>>> matrix_divided([[1, 2, 3], [4, 5, 6]], float("inf"))
[[0.0, 0.0, 0.0], [0.0, 0.0, 0.0]]

>>> matrix_divided( , 10)
Traceback (most recent call last):
...
SyntaxError: invalid syntax

>>> matrix_divided()
Traceback (most recent call last):
...
TypeError: matrix_divided() missing 2 required positional arguments: 'matrix' and 'div'
